ASxxxx Linker V03.00 + NoICE + sdld,  page 1.
Hexadecimal  [32-Bits]

Area                                    Addr        Size        Decimal Bytes (Attributes)
--------------------------------        ----        ----        ------- ----- ------------
.  .ABS.                            00000000    00000000 =           0. bytes (ABS,CON)

      Value  Global                              Global Defined In Module
      -----  --------------------------------   ------------------------
     FFFFFFFF  s_SSEG                          
     00000000  .__.ABS.                           _strlen
     00000000  l_CABS                          
     00000000  l_DABS                          
     00000000  l_DATA                          
     00000000  l_INITIALIZED                   
     00000000  l_INITIALIZER                   
     00000000  l__CODE                         
     00000000  s_CABS                          
     00000000  s_DABS                          
     00000000  s__CODE                         
     00000001  l_SSEG                          
     00000001  s_DATA                          
     00000001  s_INITIALIZED                   
     00000003  l_GSFINAL                       
     00000007  l_HOME                          
     0000001A  l_GSINIT                        
     00000100  l_CONST                         
     0000078C  l_CODE                          
     00008000  s_HOME                          
     00008007  s_GSINIT                        
     00008021  s_GSFINAL                       
     00008024  s_CONST                         
     00008124  s_CODE                          
     00008124  s_INITIALIZER                   

ASxxxx Linker V03.00 + NoICE + sdld,  page 2.
Hexadecimal  [32-Bits]

Area                                    Addr        Size        Decimal Bytes (Attributes)
--------------------------------        ----        ----        ------- ----- ------------
SSEG                                FFFFFFFF    00000001 =           1. bytes (REL,CON)

      Value  Global                              Global Defined In Module
      -----  --------------------------------   ------------------------
ASxxxx Linker V03.00 + NoICE + sdld,  page 3.
Hexadecimal  [32-Bits]

Area                                    Addr        Size        Decimal Bytes (Attributes)
--------------------------------        ----        ----        ------- ----- ------------
HOME                                00008000    00000007 =           7. bytes (REL,CON)

      Value  Global                              Global Defined In Module
      -----  --------------------------------   ------------------------
ASxxxx Linker V03.00 + NoICE + sdld,  page 4.
Hexadecimal  [32-Bits]

Area                                    Addr        Size        Decimal Bytes (Attributes)
--------------------------------        ----        ----        ------- ----- ------------
GSINIT                              00008007    0000001A =          26. bytes (REL,CON)

      Value  Global                              Global Defined In Module
      -----  --------------------------------   ------------------------
ASxxxx Linker V03.00 + NoICE + sdld,  page 5.
Hexadecimal  [32-Bits]

Area                                    Addr        Size        Decimal Bytes (Attributes)
--------------------------------        ----        ----        ------- ----- ------------
GSFINAL                             00008021    00000003 =           3. bytes (REL,CON)

      Value  Global                              Global Defined In Module
      -----  --------------------------------   ------------------------
ASxxxx Linker V03.00 + NoICE + sdld,  page 6.
Hexadecimal  [32-Bits]

Area                                    Addr        Size        Decimal Bytes (Attributes)
--------------------------------        ----        ----        ------- ----- ------------
CONST                               00008024    00000100 =         256. bytes (REL,CON)

      Value  Global                              Global Defined In Module
      -----  --------------------------------   ------------------------
ASxxxx Linker V03.00 + NoICE + sdld,  page 7.
Hexadecimal  [32-Bits]

Area                                    Addr        Size        Decimal Bytes (Attributes)
--------------------------------        ----        ----        ------- ----- ------------
CODE                                00008124    0000078C =        1932. bytes (REL,CON)

      Value  Global                              Global Defined In Module
      -----  --------------------------------   ------------------------
     00008124  _main                              main
     000084AC  _get_next_color                    main
     0000858B  _uart_init                         main
     000085A0  _uart_write                        main
     000085D1  _uart_write_8bits                  main
     000085DD  _int_to_hex_str                    main
     00008621  _flash_write_to_addr               flash_driver
     00008642  _flash_read_from_addr              flash_driver
     00008663  _flash_set_write_addr              flash_driver
     00008675  _flash_set_read_addr               flash_driver
     00008687  _flash_write_nbytes                flash_driver
     000086AA  _flash_read_nbytes                 flash_driver
     000086DC  _flash_read_sreg                   flash_driver
     00008716  _flash_write_sreg                  flash_driver
     00008730  _flash_busy_wait                   flash_driver
     0000873B  _flash_erase_block                 flash_driver
     00008753  _flash_write_enable                flash_driver
     0000875F  _flash_erase_chip                  flash_driver
     0000876B  _spi_config                        spi
     000087C0  _spi_busy_wait                     spi
     000087C6  _spi_write_24bits                  spi
     000087F7  _spi_write_8bits                   spi
     00008808  _spi_read_8bits                    spi
     00008823  _spi_cs_active                     spi
     00008828  _spi_cs_idle                       spi
     00008832  _ws2812_gpio_config                ws2812_driver
     00008843  _ws2812_send_8bits                 ws2812_driver
     00008879  _ws2812_send_pixel_24bits          ws2812_driver
     0000888F  _ws2812_send_latch                 ws2812_driver
     000088A1  _strlen                            _strlen
ASxxxx Linker V03.00 + NoICE + sdld,  page 8.

Files Linked                              [ module(s) ]

build/main.rel                            [ main ]
build/flash_driver.rel                    [ flash_driver ]
build/spi.rel                             [ spi ]
build/ws2812_driver.rel                   [ ws2812_driver ]


Libraries Linked                          [ object file ]

/usr/local/bin/../share/sdcc/lib/stm8/stm8.lib
                                          [ _strlen.rel ]

ASxxxx Linker V03.00 + NoICE + sdld,  page 9.

User Base Address Definitions

HOME = 0x8000
DATA = 0x0001
SSEG = 0xffffffff

